Certificate request self-signature ok
subject=CN = admin, O = system:masters
Certificate request self-signature ok
subject=CN = etcd-server, C = CA, ST = Quebec, L = Montreal
Certificate request self-signature ok
subject=CN = system:kube-proxy, O = system:node-proxier, C = CA, ST = Quebec, L = Montreal
Certificate request self-signature ok
subject=CN = system:kube-scheduler, O = system:system:kube-scheduler, C = CA, ST = Quebec, L = Montreal
Certificate request self-signature ok
subject=CN = system:kube-controller-manager, O = system:kube-controller-manager, C = CA, ST = Quebec, L = Montreal
Certificate request self-signature ok
subject=CN = kubernetes, C = CA, ST = Quebec, L = Montreal
Certificate request self-signature ok
subject=CN = LoadBalancer, C = CA, ST = Quebec, L = Montreal
Certificate request self-signature ok
subject=CN = service-accounts
Certificate request self-signature ok
subject=CN = system:node:node-0, O = system:nodes, C = CA, ST = Quebec, L = Montreal
Certificate request self-signature ok
subject=CN = system:node:node-1, O = system:nodes, C = CA, ST = Quebec, L = Montreal
